(node:15276) [DEP0176] DeprecationWarning: fs.F_OK is deprecated, use fs.constants.F_OK instead
(Use `node --trace-deprecation ...` to show where the warning was created)
Creating an optimized production build...
[BABEL] Note: The code generator has deoptimised the styling of E:\Agents.life\frontend\src\pages\portfel.svg as it exceeds the max of 500KB.
[BABEL] Note: The code generator has deoptimised the styling of undefined as it exceeds the max of 500KB.
[BABEL] Note: The code generator has deoptimised the styling of E:\Agents.life\frontend\src\pages\bankcard.svg as it exceeds the max of 500KB.
[BABEL] Note: The code generator has deoptimised the styling of undefined as it exceeds the max of 500KB.
Compiled with warnings.

[eslint] 
src\App.jsx
  Line 2:50:    'Link' is defined but never used                                                                                                          no-unused-vars
  Line 2:82:    'useParams' is defined but never used                                                                                                     no-unused-vars
  Line 5:8:     'AccountantBackground' is defined but never used                                                                                          no-unused-vars
  Line 6:8:     'PsychologistBackground' is defined but never used                                                                                        no-unused-vars
  Line 7:8:     'DietitianBackground' is defined but never used                                                                                           no-unused-vars
  Line 8:8:     'MentorBackground' is defined but never used                                                                                              no-unused-vars
  Line 13:33:   'Bot' is defined but never used                                                                                                           no-unused-vars
  Line 118:11:  'language' is assigned a value but never used                                                                                             no-unused-vars
  Line 118:21:  'changeLanguage' is assigned a value but never used                                                                                       no-unused-vars
  Line 118:37:  't' is assigned a value but never used                                                                                                    no-unused-vars
  Line 143:6:   React Hook useEffect has a missing dependency: 'checkSessionStatus'. Either include it or remove the dependency array                     react-hooks/exhaustive-deps
  Line 162:6:   React Hook useEffect has a missing dependency: 'activeSession'. Either include it or remove the dependency array                          react-hooks/exhaustive-deps
  Line 167:6:   React Hook useEffect has a missing dependency: 'checkSessionStatus'. Either include it or remove the dependency array                     react-hooks/exhaustive-deps
  Line 214:6:   React Hook useEffect has a missing dependency: 'loadChats'. Either include it or remove the dependency array                              react-hooks/exhaustive-deps
  Line 557:18:  Unnecessary escape character: \[                                                                                                          no-useless-escape
  Line 618:11:  't' is assigned a value but never used                                                                                                    no-unused-vars
  Line 619:9:   'abortControllerRef' is assigned a value but never used                                                                                   no-unused-vars
  Line 620:9:   'streamingStartRef' is assigned a value but never used                                                                                    no-unused-vars
  Line 653:6:   React Hook useEffect has missing dependencies: 'greetings' and 'language'. Either include them or remove the dependency array             react-hooks/exhaustive-deps
  Line 653:7:   React Hook useEffect has a complex expression in the dependency array. Extract it to a separate variable so it can be statically checked  react-hooks/exhaustive-deps
  Line 670:6:   React Hook useEffect has a missing dependency: 'greetings'. Either include it or remove the dependency array                              react-hooks/exhaustive-deps
  Line 683:6:   React Hook useEffect has a missing dependency: 'handleSendMessage'. Either include it or remove the dependency array                      react-hooks/exhaustive-deps
  Line 843:6:   React Hook useCallback has a missing dependency: 'streamingContent'. Either include it or remove the dependency array                     react-hooks/exhaustive-deps

src\components\AttachMenu.jsx
  Line 2:10:  'Paperclip' is defined but never used  no-unused-vars
  Line 2:42:  'X' is defined but never used          no-unused-vars

src\components\ChatInput.jsx
  Line 123:6:   React Hook useCallback has a missing dependency: 'transcribeAudio'. Either include it or remove the dependency array  react-hooks/exhaustive-deps
  Line 144:9:   'cancelRecording' is assigned a value but never used                                                                  no-unused-vars
  Line 363:19:  'i' is assigned a value but never used                                                                                no-unused-vars

src\components\HabitTrackerModal.jsx
  Line 2:29:   'Flame' is defined but never used      no-unused-vars
  Line 2:43:   'Brain' is defined but never used      no-unused-vars
  Line 2:50:   'Dumbbell' is defined but never used   no-unused-vars
  Line 2:60:   'Book' is defined but never used       no-unused-vars
  Line 2:66:   'Coffee' is defined but never used     no-unused-vars
  Line 2:74:   'Moon' is defined but never used       no-unused-vars
  Line 2:80:   'Tv' is defined but never used         no-unused-vars
  Line 2:84:   'Cigarette' is defined but never used  no-unused-vars
  Line 2:110:  'Zap' is defined but never used        no-unused-vars

src\components\Sidebar.jsx
  Line 88:9:  'handleDeleteClick' is assigned a value but never used  no-unused-vars

src\components\ui\widgets\FoodLogWidget.jsx
  Line 3:23:  'Utensils' is defined but never used  no-unused-vars

src\components\ui\widgets\MealPlanWidget.jsx
  Line 1:17:  'useState' is defined but never used  no-unused-vars
  Line 3:33:  'Loader2' is defined but never used   no-unused-vars

src\pages\Accountant.jsx
  Line 819:9:  'parseJsonField' is assigned a value but never used  no-unused-vars

src\pages\DevelopmentTree.jsx
  Line 1:40:    'useRef' is defined but never used                                                                                              no-unused-vars
  Line 15:38:   'Brain' is defined but never used                                                                                               no-unused-vars
  Line 15:45:   'Star' is defined but never used                                                                                                no-unused-vars
  Line 15:51:   'Plus' is defined but never used                                                                                                no-unused-vars
  Line 15:81:   'ArrowRight' is defined but never used                                                                                          no-unused-vars
  Line 15:93:   'Lightbulb' is defined but never used                                                                                           no-unused-vars
  Line 180:7:   'createEmptyTree' is assigned a value but never used                                                                            no-unused-vars
  Line 284:11:  't' is assigned a value but never used                                                                                          no-unused-vars
  Line 287:10:  'selectedNode' is assigned a value but never used                                                                               no-unused-vars
  Line 287:24:  'setSelectedNode' is assigned a value but never used                                                                            no-unused-vars
  Line 289:10:  'dreamText' is assigned a value but never used                                                                                  no-unused-vars
  Line 302:6:   React Hook useEffect has missing dependencies: 'setEdges' and 'setNodes'. Either include them or remove the dependency array    react-hooks/exhaustive-deps
  Line 352:6:   React Hook useCallback has missing dependencies: 'setEdges' and 'setNodes'. Either include them or remove the dependency array  react-hooks/exhaustive-deps
  Line 398:6:   React Hook useCallback has a missing dependency: 'setNodes'. Either include it or remove the dependency array                   react-hooks/exhaustive-deps

src\pages\DietPlanPage.jsx
  Line 5:23:    'saveDietPlan' is defined but never used                no-unused-vars
  Line 5:37:    'createChat' is defined but never used                  no-unused-vars
  Line 91:22:   'setGenerating' is assigned a value but never used      no-unused-vars
  Line 94:10:   'exiting' is assigned a value but never used            no-unused-vars
  Line 94:19:   'setExiting' is assigned a value but never used         no-unused-vars
  Line 102:10:  'generationStep' is assigned a value but never used     no-unused-vars
  Line 102:26:  'setGenerationStep' is assigned a value but never used  no-unused-vars
  Line 163:9:   'mealConfig' is assigned a value but never used         no-unused-vars
  Line 285:15:  'receivedDone' is assigned a value but never used       no-unused-vars
  Line 289:15:  'fullContent' is assigned a value but never used        no-unused-vars
  Line 374:15:  'fullContent' is assigned a value but never used        no-unused-vars

src\pages\Dietitian.jsx
  Line 2:40:     'Settings' is defined but never used                                                                                  no-unused-vars
  Line 2:81:     'MessageCircle' is defined but never used                                                                             no-unused-vars
  Line 2:164:    'ChefHat' is defined but never used                                                                                   no-unused-vars
  Line 9:7:      'GOAL_LABELS' is assigned a value but never used                                                                      no-unused-vars
  Line 62:9:     'totalSteps' is assigned a value but never used                                                                       no-unused-vars
  Line 618:6:    React Hook useEffect has a missing dependency: 'selectedDate'. Either include it or remove the dependency array       react-hooks/exhaustive-deps
  Line 634:6:    React Hook useEffect has a missing dependency: 'selectedDate'. Either include it or remove the dependency array       react-hooks/exhaustive-deps
  Line 965:7:    'FOOD_CHAT_STORAGE_KEY' is assigned a value but never used                                                            no-unused-vars
  Line 997:11:   't' is assigned a value but never used                                                                                no-unused-vars
  Line 1006:10:  'deleteState' is assigned a value but never used                                                                      no-unused-vars
  Line 1006:23:  'setDeleteState' is assigned a value but never used                                                                   no-unused-vars
  Line 1255:6:   React Hook useCallback has a missing dependency: 'WELCOME_MESSAGE'. Either include it or remove the dependency array  react-hooks/exhaustive-deps

src\pages\HabitTracker.jsx
  Line 6:16:    'ChevronRight' is defined but never used                                                                               no-unused-vars
  Line 13:7:    'XP_PER_STREAK_MILESTONE' is assigned a value but never used                                                           no-unused-vars
  Line 90:6:    React Hook useEffect has a missing dependency: 'data.lastResetDate'. Either include it or remove the dependency array  react-hooks/exhaustive-deps
  Line 131:13:  'todayHabits' is assigned a value but never used                                                                       no-unused-vars
  Line 375:21:  'today' is assigned a value but never used                                                                             no-unused-vars

src\pages\NoteEditor.jsx
  Line 3:28:  'Sparkles' is defined but never used  no-unused-vars

src\pages\NotesList.jsx
  Line 3:56:   'Sparkles' is defined but never used                                        no-unused-vars
  Line 15:63:  Function declared in a loop contains unsafe references to variable(s) 'id'  no-loop-func

src\pages\Psychologist.jsx
  Line 5:70:    'ArrowLeft' is defined but never used                                                                            no-unused-vars
  Line 115:9:   'language' is assigned a value but never used                                                                    no-unused-vars
  Line 115:19:  'changeLanguage' is assigned a value but never used                                                              no-unused-vars
  Line 115:35:  't' is assigned a value but never used                                                                           no-unused-vars
  Line 171:6:   React Hook useEffect has a missing dependency: 'startSession'. Either include it or remove the dependency array  react-hooks/exhaustive-deps

src\pages\Secretary.jsx
  Line 3:10:   'Calendar' is defined but never used                                                                                                 no-unused-vars
  Line 3:130:  'Zap' is defined but never used                                                                                                      no-unused-vars
  Line 19:9:   'location' is assigned a value but never used                                                                                        no-unused-vars
  Line 25:10:  'dayView' is assigned a value but never used                                                                                         no-unused-vars
  Line 25:19:  'setDayView' is assigned a value but never used                                                                                      no-unused-vars
  Line 26:10:  'touchStart' is assigned a value but never used                                                                                      no-unused-vars
  Line 26:22:  'setTouchStart' is assigned a value but never used                                                                                   no-unused-vars
  Line 34:10:  'dayEvents' is assigned a value but never used                                                                                       no-unused-vars
  Line 34:21:  'setDayEvents' is assigned a value but never used                                                                                    no-unused-vars
  Line 94:6:   React Hook useEffect has missing dependencies: 'loadEvents' and 'loadReminders'. Either include them or remove the dependency array  react-hooks/exhaustive-deps
  Line 216:6:  React Hook useCallback has a missing dependency: 'selectedColor'. Either include it or remove the dependency array                   react-hooks/exhaustive-deps
  Line 268:9:  'upcomingEvents' is assigned a value but never used                                                                                  no-unused-vars
  Line 273:9:  'addReminder' is assigned a value but never used                                                                                     no-unused-vars
  Line 330:9:  'toggleEventCompleted' is assigned a value but never used                                                                            no-unused-vars
  Line 342:9:  'eventsCount' is assigned a value but never used                                                                                     no-unused-vars
  Line 343:9:  'remindersCount' is assigned a value but never used                                                                                  no-unused-vars
  Line 344:9:  'todayEvents' is assigned a value but never used                                                                                     no-unused-vars

src\pages\SecretaryGuide.jsx
  Line 3:64:  'CheckCircle' is defined but never used  no-unused-vars
  Line 3:99:  'BookOpen' is defined but never used     no-unused-vars

src\pages\TherapySessions.jsx
  Line 5:22:  'AlertTriangle' is defined but never used  no-unused-vars

src\utils\apiClient.js
  Line 95:15:  Expected a default case  default-case

Search for the keywords to learn more about each warning.
To ignore, add // eslint-disable-next-line to the line before.

File sizes after gzip:

  406.32 kB  build\static\js\main.a309295c.js
  26.59 kB   build\static\css\main.7a22d710.css

The project was built assuming it is hosted at /.
You can control this with the homepage field in your package.json.

The build folder is ready to be deployed.
You may serve it with a static server:

  npm install -g serve
  serve -s build

Find out more about deployment here:

  https://cra.link/deployment

